type T :: * -> * -> *
type T =
  (->)
    @{'GHC.Types.BoxedRep 'GHC.Types.Lifted}
    @{'GHC.Types.BoxedRep 'GHC.Types.Lifted}
  :: * -> * -> *
  	-- Defined at <interactive>:2:1
