Rule fired: Class op >>
Rule fired: Class op return
Rule fired: unpack
Rule fired: Class op foldr
Rule fired: fold/build
Rule fired: <#
Rule fired: tagToEnum#
Rule fired: unpack-list
