  case GHC.Real.$w$s^1 lvl 8# of v { __DEFAULT -> GHC.Types.I# v }
